<?xml version="1.0" encoding="UTF-8"?>
<TestRun id="556bb829-8992-4dd1-b3b2-40d380cdc962" name="Vouldjeff@COCA-COLA 2010-03-23 23:46:41" runUser="Coca-Cola\Vouldjeff" xmlns="http://microsoft.com/schemas/VisualStudio/TeamTest/2006">
  <TestRunConfiguration name="Local Test Run" id="1ca55a35-92bf-4667-a710-948be27ea9b0">
    <Description>This is a default test run configuration for a local test run.</Description>
    <Deployment runDeploymentRoot="F:\Projects\CellularAutomata\CellularAutomata\TestResults\Vouldjeff_COCA-COLA 2010-03-23 23_46_41">
      <DeploymentItem filename="F:\Projects\CellularAutomata\bin\debug\CellularAutomata.Framework.dll" />
    </Deployment>
    <TestTypeSpecific />
  </TestRunConfiguration>
  <ResultSummary outcome="Failed">
    <Counters total="1" executed="1" error="0" failed="1" timeout="0" aborted="0" inconclusive="0" passedButRunAborted="0" notRunnable="0" notExecuted="0" disconnected="0" warning="0" passed="0" completed="0" inProgress="0" pending="0" />
  </ResultSummary>
  <Times creation="2010-03-23T23:46:41.3528202+02:00" queuing="2010-03-23T23:46:47.5551749+02:00" start="2010-03-23T23:46:48.6562379+02:00" finish="2010-03-23T23:46:50.0103154+02:00" />
  <TestDefinitions>
    <UnitTest name="Environment_Ser_Test" storage="f:\projects\cellularautomata\cellularautomata.unittests\bin\debug\cellularautomata.unittests.dll" id="bedcb0d5-cb33-09bd-c7d6-673b790210d0">
      <Css projectStructure="" iteration="" />
      <Owners>
        <Owner name="" />
      </Owners>
      <Execution id="f6689043-634c-45c5-b5bf-78732a307c86" />
      <TestMethod codeBase="F:\Projects\CellularAutomata\CellularAutomata.UnitTests\bin\Debug\CellularAutomata.UnitTests.dll" adapterTypeName="Microsoft.VisualStudio.TestTools.TestTypes.Unit.UnitTestAdapter, Microsoft.VisualStudio.QualityTools.Tips.UnitTest.Adapter, Version=9.0.0.0, Culture=neutral, PublicKeyToken=b03f5f7f11d50a3a" className="CellularAutomata.UnitTests.ConfigurationTests, CellularAutomata.UnitTests" name="Environment_Ser_Test" />
    </UnitTest>
  </TestDefinitions>
  <TestLists>
    <TestList name="Results Not in a List" id="8c84fa94-04c1-424b-9868-57a2d4851a1d" />
    <TestList name="All Loaded Results" id="19431567-8539-422a-85d7-44ee4e166bda" />
  </TestLists>
  <TestEntries>
    <TestEntry testId="bedcb0d5-cb33-09bd-c7d6-673b790210d0" executionId="f6689043-634c-45c5-b5bf-78732a307c86" testListId="8c84fa94-04c1-424b-9868-57a2d4851a1d" />
  </TestEntries>
  <Results>
    <UnitTestResult executionId="f6689043-634c-45c5-b5bf-78732a307c86" testId="bedcb0d5-cb33-09bd-c7d6-673b790210d0" testName="Environment_Ser_Test" computerName="COCA-COLA" duration="00:00:00.2153379" startTime="2010-03-23T23:46:49.0082580+02:00" endTime="2010-03-23T23:46:49.8243047+02:00" testType="13cdc9d9-ddb5-4fa4-a97d-d965ccfc6d4b" outcome="Failed" testListId="8c84fa94-04c1-424b-9868-57a2d4851a1d">
      <Output>
        <ErrorInfo>
          <Message>Test method CellularAutomata.UnitTests.ConfigurationTests.Environment_Ser_Test threw exception:  System.IO.IOException: The process cannot access the file 'F:\Projects\CellularAutomata\CellularAutomata\TestResults\Vouldjeff_COCA-COLA 2010-03-23 23_46_41\Out\test' because it is being used by another process..</Message>
          <StackTrace>    at System.IO.__Error.WinIOError(Int32 errorCode, String maybeFullPath)
   at System.IO.FileStream.Init(String path, FileMode mode, FileAccess access, Int32 rights, Boolean useRights, FileShare share, Int32 bufferSize, FileOptions options, SECURITY_ATTRIBUTES secAttrs, String msgPath, Boolean bFromProxy)
   at System.IO.FileStream..ctor(String path, FileMode mode, FileAccess access, FileShare share)
   at CellularAutomata.UnitTests.ConfigurationTests.Environment_Ser_Test() in F:\Projects\CellularAutomata\CellularAutomata.UnitTests\ConfigurationTests.cs:line 76
</StackTrace>
        </ErrorInfo>
      </Output>
    </UnitTestResult>
  </Results>
</TestRun>